<!DOCTYPE html>
<html lang="es"><head>
<meta charset="utf-8"/>
<meta content="width=device-width, initial-scale=1.0" name="viewport"/>
<title>Resultado Nutricional Bootstrap</title>
<link href="https://cdn.jsdelivr.net/npm/bootstrap@5.3.2/dist/css/bootstrap.min.css" rel="stylesheet"/>
<link href="https://fonts.googleapis.com/css2?family=Manrope:wght@400;500;600;700;800&amp;display=swap" rel="stylesheet"/>
<link href="https://fonts.googleapis.com/css2?family=Material+Symbols+Outlined:wght,FILL@100..700,0..1&amp;display=swap" rel="stylesheet"/>
<style>
        :root {
            --primary-lime: #85c81a;
            --bg-light: #f8fafc;
        }
        body {
            font-family: 'Manrope', sans-serif;
            background-color: var(--bg-light);
            color: #1e293b;
        }
        .card {
            border: none;
            border-radius: 20px;
        }
        .rounded-30 {
            border-radius: 30px !important;
        }
        .img-container {
            border-radius: 30px;
            overflow: hidden;
        }
        .btn-success {
            background-color: var(--primary-lime) !important;
            border-color: var(--primary-lime) !important;
            font-weight: 800;
            padding: 1rem;
        }
        .text-primary-lime {
            color: var(--primary-lime);
        }
        .macro-dot {
            width: 10px;
            height: 10px;
            border-radius: 50%;
            display: inline-block;
            margin-right: 5px;
        }
        .progress {
            height: 8px;
            border-radius: 10px;
            background-color: #e2e8f0;
        }
        .progress-bar {
            background-color: var(--primary-lime);
        }
        .material-symbols-outlined {
            vertical-align: middle;
            font-size: 20px;
        }
        .quantity-control {
            background: #f1f5f9;
            border-radius: 10px;
            padding: 4px 10px;
        }
        .ingredient-img {
            width: 48px;
            height: 48px;
            object-fit: cover;
            border-radius: 12px;
        }
        .bento-icon {
            padding: 8px;
            border-radius: 10px;
            margin-bottom: 10px;
            display: inline-block;
        }
    </style>
<style>
    body {
      min-height: max(884px, 100dvh);
    }
  </style>
  </head>
<body>
<header class="bg-white border-bottom sticky-top py-3">
<div class="container d-flex align-items-center justify-content-between">
<div class="d-flex align-items-center gap-3">
<button class="btn btn-light rounded-circle p-2 d-flex align-items-center justify-content-center">
<span class="material-symbols-outlined">arrow_back</span>
</button>
<div>
<span class="text-uppercase fw-bold text-muted small d-block" style="letter-spacing: 1px;">Análisis</span>
<h1 class="h5 mb-0 fw-bold">Resultado Nutricional</h1>
</div>
</div>
<button class="btn btn-light rounded-circle p-2">
<span class="material-symbols-outlined">menu</span>
</button>
</div>
</header>
<main class="container py-4">
<div class="row g-4">
<div class="col-12 col-lg-4">
<div class="card shadow-sm rounded-30 mb-4 overflow-hidden">
<img alt="Bowl Nutricional" class="card-img-top img-fluid" src="https://lh3.googleusercontent.com/aida-public/AB6AXuCG8NgxiZsZh6qWi1olwtzg925Ax33264qjW35lK1nwvJdPXN1RyrR2904y8cBzD0uoygBZ1fN7hLhOruWU651YhL_3smT1xV_EcQef5LDSyjPYzD0qxzf09dw2eSx5GlAujD5eaPoxN6ywTAszZ3dVPrr_rW-VHmpSUpQh6Jkp5VA7dRFal8iytdVl8BkGRPPu4vaCsBmZYWeczFVSxWeX3OQNEQA5dWP-vSHrcZDxVC9xNF36Yy8dGgyPN4n5rdMsxmB7Azpn8Yc" style="aspect-ratio: 1/1; object-fit: cover;"/>
<div class="card-body p-4">
<span class="badge bg-success mb-2 px-3 py-2 rounded-pill text-uppercase" style="font-size: 0.65rem; background-color: var(--primary-lime) !important;">IA Vision</span>
<h2 class="h4 fw-bold">Bowl de Quinoa, Pollo y Aguacate</h2>
<p class="text-muted small mb-0 d-flex align-items-center gap-1">
<span class="material-symbols-outlined fs-6">schedule</span> Detectado hace unos momentos
                    </p>
</div>
</div>
<div class="row g-3">
<div class="col-md-12 col-xl-12">
<div class="card p-4 shadow-sm">
<p class="text-uppercase fw-bold text-muted small mb-3" style="letter-spacing: 1px;">Resumen Calórico</p>
<div class="d-flex justify-content-between align-items-end mb-3">
<div>
<span class="display-5 fw-black" style="font-weight: 800;">642</span>
<span class="h5 text-muted fw-bold">kcal</span>
</div>
<div class="text-end">
<span class="text-primary-lime fw-bold small d-block">
<span class="material-symbols-outlined fs-6">trending_down</span> -12% vs ayer
                                </span>
<span class="text-muted extra-small" style="font-size: 0.7rem;">Meta: 2,200 kcal</span>
</div>
</div>
<div class="progress">
<div class="progress-bar" role="progressbar" style="width: 29%"></div>
</div>
</div>
</div>
</div>
</div>
<div class="col-12 col-lg-8">
<div class="row g-3">
<div class="col-md-6 col-lg-12">
<div class="card p-4 shadow-sm h-100">
<div class="d-flex justify-content-between align-items-center mb-4">
<h3 class="h6 fw-bold text-muted text-uppercase mb-0">Distribución de Macronutrientes</h3>
<span class="material-symbols-outlined text-muted">pie_chart</span>
</div>
<div class="row align-items-center">
<div class="col-sm-4 text-center mb-3 mb-sm-0">
<div class="position-relative d-inline-block">
<div class="rounded-circle border border-5 border-success d-flex align-items-center justify-content-center" style="width: 100px; height: 100px; border-color: var(--primary-lime) !important;">
<div class="text-center">
<span class="d-block fw-bold h5 mb-0">100%</span>
<span class="text-muted extra-small" style="font-size: 0.6rem;">TOTAL</span>
</div>
</div>
</div>
</div>
<div class="col-sm-8">
<div class="d-grid gap-2">
<div class="p-2 border rounded-3 d-flex justify-content-between align-items-center">
<span class="small fw-bold"><span class="macro-dot" style="background: var(--primary-lime);"></span> Carbos</span>
<span class="small fw-bold">45g <span class="text-muted">(45%)</span></span>
</div>
<div class="p-2 border rounded-3 d-flex justify-content-between align-items-center">
<span class="small fw-bold"><span class="macro-dot" style="background: #4ade80;"></span> Proteína</span>
<span class="small fw-bold">38g <span class="text-muted">(30%)</span></span>
</div>
<div class="p-2 border rounded-3 d-flex justify-content-between align-items-center">
<span class="small fw-bold"><span class="macro-dot" style="background: #166534;"></span> Grasas</span>
<span class="small fw-bold">18g <span class="text-muted">(25%)</span></span>
</div>
</div>
</div>
</div>
</div>
</div>
<div class="col-12">
<div class="row g-2">
<div class="col-6 col-lg-4">
<div class="card p-3 shadow-sm h-100 border-0">
<span class="bento-icon bg-info bg-opacity-10 text-info material-symbols-outlined">visibility</span>
<p class="text-muted small fw-bold mb-1">Vit A</p>
<h4 class="fw-bold mb-2">120%</h4>
<div class="progress" style="height: 4px;">
<div class="progress-bar bg-info" style="width: 100%"></div>
</div>
</div>
</div>
<div class="col-6 col-lg-4">
<div class="card p-3 shadow-sm h-100 border-0">
<span class="bento-icon bg-warning bg-opacity-10 text-warning material-symbols-outlined">fitness_center</span>
<p class="text-muted small fw-bold mb-1">Hierro</p>
<h4 class="fw-bold mb-2">24%</h4>
<div class="progress" style="height: 4px;">
<div class="progress-bar bg-warning" style="width: 24%"></div>
</div>
</div>
</div>
<div class="col-6 col-lg-4">
<div class="card p-3 shadow-sm h-100 border-0">
<span class="bento-icon bg-primary bg-opacity-10 text-primary material-symbols-outlined">bolt</span>
<p class="text-muted small fw-bold mb-1">Magnesio</p>
<h4 class="fw-bold mb-2">45%</h4>
<div class="progress" style="height: 4px;">
<div class="progress-bar bg-primary" style="width: 45%"></div>
</div>
</div>
</div>
<div class="col-6 col-lg-4">
<div class="card p-3 shadow-sm h-100 border-0">
<span class="bento-icon bg-danger bg-opacity-10 text-danger material-symbols-outlined">water_drop</span>
<p class="text-muted small fw-bold mb-1">Potasio</p>
<h4 class="fw-bold mb-2">32%</h4>
<div class="progress" style="height: 4px;">
<div class="progress-bar bg-danger" style="width: 32%"></div>
</div>
</div>
</div>
<div class="col-6 col-lg-4">
<div class="card p-3 shadow-sm h-100 border-0">
<span class="bento-icon bg-success bg-opacity-10 text-success material-symbols-outlined">eco</span>
<p class="text-muted small fw-bold mb-1">Vit C</p>
<h4 class="fw-bold mb-2">88%</h4>
<div class="progress" style="height: 4px;">
<div class="progress-bar bg-success" style="width: 88%"></div>
</div>
</div>
</div>
<div class="col-6 col-lg-4">
<div class="card p-3 shadow-sm h-100 border-0">
<span class="bento-icon bg-dark bg-opacity-10 text-dark material-symbols-outlined">verified_user</span>
<p class="text-muted small fw-bold mb-1">Zinc</p>
<h4 class="fw-bold mb-2">15%</h4>
<div class="progress" style="height: 4px;">
<div class="progress-bar bg-dark" style="width: 15%"></div>
</div>
</div>
</div>
</div>
</div>
<div class="col-12">
<div class="card p-4 shadow-sm">
<div class="d-flex justify-content-between align-items-center mb-4">
<h3 class="h6 fw-bold text-muted text-uppercase mb-0">Ingredientes Detectados</h3>
<button class="btn btn-sm btn-light text-success border-0 rounded-circle">
<span class="material-symbols-outlined">add_circle</span>
</button>
</div>
<div class="list-group list-group-flush">
<div class="list-group-item px-0 border-0 mb-3">
<div class="d-flex align-items-center gap-3 bg-light p-3 rounded-4">
<img alt="Pollo" class="ingredient-img" src="https://lh3.googleusercontent.com/aida-public/AB6AXuD47Wrf0bxAmw_roM8B2lwWv78YsJrMmo9Ema7SdJDz0juD6y0hVCNbOP9GDfyjB9kF4NbciCqjtP3wr1g_u-7neMlO4NTqdLo8NBHikB81RH_28ZXsWj0DGkYVdC_BBYxK2zPmhFXMlia7fwiA8-Cx9qegMpIgpc9XjuAKnxqo5Ii8G2UesOQ77oqy6dvbNL6mDf4ZgZcuMpIBBvN4Sa8WQFLh4Sc_Jrirkx-VQiSqeDn_EB9CLkf0b2ZPPE6JMvpvv6fceEKJvOA"/>
<div class="flex-grow-1">
<h6 class="mb-1 fw-bold">Pechuga de Pollo</h6>
<div class="d-flex align-items-center gap-2">
<div class="quantity-control d-flex align-items-center gap-2">
<button class="btn btn-sm p-0 d-flex align-items-center"><span class="material-symbols-outlined fs-6">remove</span></button>
<span class="small fw-black px-1">200g</span>
<button class="btn btn-sm p-0 d-flex align-items-center"><span class="material-symbols-outlined fs-6">add</span></button>
</div>
</div>
</div>
<button class="btn btn-link text-muted p-0">
<span class="material-symbols-outlined">delete_outline</span>
</button>
</div>
</div>
<div class="list-group-item px-0 border-0 mb-3">
<div class="d-flex align-items-center gap-3 bg-light p-3 rounded-4">
<img alt="Aguacate" class="ingredient-img" src="https://lh3.googleusercontent.com/aida-public/AB6AXuDaF0SrXZFOnuRYNBb1pYjk6lY9eKEm45lbRpoHA9P6TPlGAIVvLZgYl0UkGU3bTtDWwo1FtHlp4X6pUHqeXCPlSwOoIwqV1gFGMj38-fmwFpElGJgIMg6UxMTHmI7EuBNsN0vjkfZhhcR0kkLs1dCZ8IqtNczKci1x3sapx8riv2-jZXzlFxvGUpOLdfiSDfE6Lfhk3NMJeGXuEL6J-px8V3KNgMnipFzegWk9HwIEvdnTNTFH3srk4y6D3eV2PDaygVZDZ5HIVJY"/>
<div class="flex-grow-1">
<h6 class="mb-1 fw-bold">Aguacate Hass</h6>
<div class="d-flex align-items-center gap-2">
<div class="quantity-control d-flex align-items-center gap-2">
<button class="btn btn-sm p-0 d-flex align-items-center"><span class="material-symbols-outlined fs-6">remove</span></button>
<span class="small fw-black px-1">80g</span>
<button class="btn btn-sm p-0 d-flex align-items-center"><span class="material-symbols-outlined fs-6">add</span></button>
</div>
</div>
</div>
<button class="btn btn-link text-muted p-0">
<span class="material-symbols-outlined">delete_outline</span>
</button>
</div>
</div>
<div class="list-group-item px-0 border-0 mb-3">
<div class="d-flex align-items-center gap-3 bg-light p-3 rounded-4">
<div class="ingredient-img bg-secondary bg-opacity-10 d-flex align-items-center justify-content-center">
<span class="material-symbols-outlined text-muted">egg</span>
</div>
<div class="flex-grow-1">
<h6 class="mb-1 fw-bold">Quinoa cocida</h6>
<div class="d-flex align-items-center gap-2">
<div class="quantity-control d-flex align-items-center gap-2">
<button class="btn btn-sm p-0 d-flex align-items-center"><span class="material-symbols-outlined fs-6">remove</span></button>
<span class="small fw-black px-1">150g</span>
<button class="btn btn-sm p-0 d-flex align-items-center"><span class="material-symbols-outlined fs-6">add</span></button>
</div>
</div>
</div>
<button class="btn btn-link text-muted p-0">
<span class="material-symbols-outlined">delete_outline</span>
</button>
</div>
</div>
</div>
<button class="btn btn-success btn-lg w-100 rounded-pill mt-3 d-flex align-items-center justify-content-center gap-2 shadow">
<span class="material-symbols-outlined">bookmark_add</span>
<span>GUARDAR EN MI DIARIO</span>
</button>
</div>
</div>
</div>
</div>
</div>
</main>
<script src="https://cdn.jsdelivr.net/npm/bootstrap@5.3.2/dist/js/bootstrap.bundle.min.js"></script>

</body></html>